[dotenv@17.2.3] injecting env (8) from .env -- tip: ⚙️  enable debug logging with { debug: true }
--- Verifying Users ---
┌─────────┬────────────────────────────────────────┬─────────────────────────┬───────────┐
│ (index) │ id                                     │ email                   │ companyId │
├─────────┼────────────────────────────────────────┼─────────────────────────┼───────────┤
│ 0       │ 'c41a662a-eb90-40db-8b07-bfc4120ccda2' │ 'admin@antigravity.erp' │ null      │
└─────────┴────────────────────────────────────────┴─────────────────────────┴───────────┘

--- Verifying Companies ---
┌─────────┬───────────────────┬────────────────────────┬─────────────────────────────────────────┬───────┬─────────────────────────┬─────────┬──────┬──────────────────────────┬──────────────────────────┬───────────┐
│ (index) │ id                │ name                   │ address                                 │ phone │ email                   │ website │ logo │ createdAt                │ updatedAt                │ deletedAt │
├─────────┼───────────────────┼────────────────────────┼─────────────────────────────────────────┼───────┼─────────────────────────┼─────────┼──────┼──────────────────────────┼──────────────────────────┼───────────┤
│ 0       │ 'default-company' │ 'Antigravity ERP Corp' │ '123 Infinite Loop, Silicon Valley, CA' │ null  │ 'admin@antigravity.erp' │ null    │ null │ 2025-12-31T20:32:18.804Z │ 2025-12-31T20:32:18.804Z │ null      │
└─────────┴───────────────────┴────────────────────────┴─────────────────────────────────────────┴───────┴─────────────────────────┴─────────┴──────┴──────────────────────────┴──────────────────────────┴───────────┘

--- Verifying Accounts (First 10) ---
┌─────────┬────────────────────────────────────────┬────────┬─────────────────────────────┬───────────────────┬────────────────────────────────────────┐
│ (index) │ id                                     │ code   │ name                        │ companyId         │ parentId                               │
├─────────┼────────────────────────────────────────┼────────┼─────────────────────────────┼───────────────────┼────────────────────────────────────────┤
│ 0       │ '03b4c2ff-8264-4274-80ca-c38cf5da1938' │ '5000' │ 'EXPENSES'                  │ 'default-company' │ null                                   │
│ 1       │ '03cbf111-4123-4135-9e90-4a608d57eee9' │ '5150' │ 'Customs Duty & Taxes'      │ 'default-company' │ '967ee614-a3f4-49ed-876b-020a58ecdd92' │
│ 2       │ '0483ef32-36cb-40c8-9f79-a42f97f9544c' │ '1251' │ 'Advance Income Tax'        │ 'default-company' │ 'f17ef510-ce8c-4b5c-aeff-d097f989fca0' │
│ 3       │ '15abcaa0-d5ad-4ba1-9860-dcd0e6055f81' │ '2220' │ 'Tax Payable'               │ 'default-company' │ 'bdeeea83-d651-416e-90a9-770883eaf2c2' │
│ 4       │ '15e9d46e-2720-4d7a-800b-38b1162832c3' │ '5270' │ 'Marketing & Advertisement' │ 'default-company' │ '6d96a8c1-d55f-41c9-bc77-dabcfbd8c96c' │
│ 5       │ '17842871-7683-4c05-82de-70fbdef48688' │ '1200' │ 'Current Assets'            │ 'default-company' │ 'c67a852d-2ee9-4763-b336-5830d525e75a' │
│ 6       │ '181cf99b-951e-414e-bf9e-77e098631ff0' │ '1100' │ 'Non-Current Assets'        │ 'default-company' │ 'c67a852d-2ee9-4763-b336-5830d525e75a' │
│ 7       │ '223ef080-300e-456e-b6b4-f3f88f66bcd1' │ '4100' │ 'Operating Revenue'         │ 'default-company' │ '8bdc1582-2305-431e-8b3a-1d5757c2eb9e' │
│ 8       │ '283339a3-69b1-4a77-9095-907ab0f8d4bd' │ '4220' │ 'Bank Profit'               │ 'default-company' │ 'd057ce86-6473-4460-b83d-a5f6cdb2926b' │
│ 9       │ '2b1a8e78-1d2e-4349-a8de-9739345175c2' │ '2210' │ 'Accounts Payable'          │ 'default-company' │ 'bdeeea83-d651-416e-90a9-770883eaf2c2' │
└─────────┴────────────────────────────────────────┴────────┴─────────────────────────────┴───────────────────┴────────────────────────────────────────┘

Total Accounts: 59, Root Accounts (parentId is null): 5
